12:40:04 **** Build of configuration Debug for project 002OperationModes ****
make -j7 all 
arm-none-eabi-gcc -mcpu=cortex-m4 -g3 -DDEBUG -c -x assembler-with-cpp -MMD -MP -MF"Startup/startup_stm32f407vgtx.d" -MT"Startup/startup_stm32f407vgtx.o" --specs=nano.specs -mfloat-abi=soft -mthumb -o "Startup/startup_stm32f407vgtx.o" "../Startup/startup_stm32f407vgtx.s"
arm-none-eabi-gcc "../Src/main.c" -mcpu=cortex-m4 -std=gnu11 -g3 -DDEBUG -DSTM32 -DSTM32F407G_DISC1 -DSTM32F4 -DSTM32F407VGTx -c -I../Inc -O0 -ffunction-sections -fdata-sections -Wall -fstack-usage -MMD -MP -MF"Src/main.d" -MT"Src/main.o" --specs=nano.specs -mfloat-abi=soft -mthumb -o "Src/main.o"
arm-none-eabi-gcc "../Src/syscalls.c" -mcpu=cortex-m4 -std=gnu11 -g3 -DDEBUG -DSTM32 -DSTM32F407G_DISC1 -DSTM32F4 -DSTM32F407VGTx -c -I../Inc -O0 -ffunction-sections -fdata-sections -Wall -fstack-usage -MMD -MP -MF"Src/syscalls.d" -MT"Src/syscalls.o" --specs=nano.specs -mfloat-abi=soft -mthumb -o "Src/syscalls.o"
arm-none-eabi-gcc "../Src/sysmem.c" -mcpu=cortex-m4 -std=gnu11 -g3 -DDEBUG -DSTM32 -DSTM32F407G_DISC1 -DSTM32F4 -DSTM32F407VGTx -c -I../Inc -O0 -ffunction-sections -fdata-sections -Wall -fstack-usage -MMD -MP -MF"Src/sysmem.d" -MT"Src/sysmem.o" --specs=nano.specs -mfloat-abi=soft -mthumb -o "Src/sysmem.o"
arm-none-eabi-gcc -o "002OperationModes.elf" @"objects.list"   -mcpu=cortex-m4 -T"/Users/harinit/Desktop/GitHub_Local/STM32/armcortex-mx/cortexmx/002OperationModes/STM32F407VGTX_FLASH.ld" --specs=nosys.specs -Wl,-Map="002OperationModes.map" -Wl,--gc-sections -static --specs=nano.specs -mfloat-abi=soft -mthumb -Wl,--start-group -lc -lm -Wl,--end-group
Finished building target: 002OperationModes.elf
 
arm-none-eabi-size   002OperationModes.elf 
arm-none-eabi-objdump -h -S  002OperationModes.elf  > "002OperationModes.list"
   text	   data	    bss	    dec	    hex	filename
   3936	    108	   1588	   5632	   1600	002OperationModes.elf
Finished building: default.size.stdout
 
Finished building: 002OperationModes.list
 
12:40:46 **** Incremental Build of configuration Debug for project 002OperationModes ****
make -j7 all 
arm-none-eabi-size   002OperationModes.elf 
   text	   data	    bss	    dec	    hex	filename
   3936	    108	   1588	   5632	   1600	002OperationModes.elf
Finished building: default.size.stdout
 
12:45:29 **** Incremental Build of configuration Debug for project 002OperationModes ****
make -j7 all 
arm-none-eabi-size   002OperationModes.elf 
   text	   data	    bss	    dec	    hex	filename
   3936	    108	   1588	   5632	   1600	002OperationModes.elf
Finished building: default.size.stdout
 
13:54:37 **** Incremental Build of configuration Debug for project 002OperationModes ****
make -j7 all 
arm-none-eabi-size   002OperationModes.elf 
   text	   data	    bss	    dec	    hex	filename
   3936	    108	   1588	   5632	   1600	002OperationModes.elf
Finished building: default.size.stdout
 
15:23:52 **** Build of configuration Debug for project 003InlineAssembly ****
make -j7 all 
arm-none-eabi-gcc -mcpu=cortex-m4 -g3 -DDEBUG -c -x assembler-with-cpp -MMD -MP -MF"Startup/startup_stm32f407vgtx.d" -MT"Startup/startup_stm32f407vgtx.o" --specs=nano.specs -mfpu=fpv4-sp-d16 -mfloat-abi=hard -mthumb -o "Startup/startup_stm32f407vgtx.o" "../Startup/startup_stm32f407vgtx.s"
arm-none-eabi-gcc "../Src/main.c" -mcpu=cortex-m4 -std=gnu11 -g3 -DDEBUG -DSTM32 -DSTM32F407G_DISC1 -DSTM32F4 -DSTM32F407VGTx -c -I../Inc -O0 -ffunction-sections -fdata-sections -Wall -fstack-usage -MMD -MP -MF"Src/main.d" -MT"Src/main.o" --specs=nano.specs -mfpu=fpv4-sp-d16 -mfloat-abi=hard -mthumb -o "Src/main.o"
arm-none-eabi-gcc "../Src/syscalls.c" -mcpu=cortex-m4 -std=gnu11 -g3 -DDEBUG -DSTM32 -DSTM32F407G_DISC1 -DSTM32F4 -DSTM32F407VGTx -c -I../Inc -O0 -ffunction-sections -fdata-sections -Wall -fstack-usage -MMD -MP -MF"Src/syscalls.d" -MT"Src/syscalls.o" --specs=nano.specs -mfpu=fpv4-sp-d16 -mfloat-abi=hard -mthumb -o "Src/syscalls.o"
arm-none-eabi-gcc "../Src/sysmem.c" -mcpu=cortex-m4 -std=gnu11 -g3 -DDEBUG -DSTM32 -DSTM32F407G_DISC1 -DSTM32F4 -DSTM32F407VGTx -c -I../Inc -O0 -ffunction-sections -fdata-sections -Wall -fstack-usage -MMD -MP -MF"Src/sysmem.d" -MT"Src/sysmem.o" --specs=nano.specs -mfpu=fpv4-sp-d16 -mfloat-abi=hard -mthumb -o "Src/sysmem.o"
../Src/main.c:22:4: warning: #warning "FPU is not initialized, but the project is compiling for an FPU. Please initialize the FPU before use." [-Wcpp]
   22 |   #warning "FPU is not initialized, but the project is compiling for an FPU. Please initialize the FPU before use."
      |    ^~~~~~~
arm-none-eabi-gcc -o "003InlineAssembly.elf" @"objects.list"   -mcpu=cortex-m4 -T"/Users/harinit/Desktop/GitHub_Local/STM32/armcortex-mx/cortexmx/003InlineAssembly/STM32F407VGTX_FLASH.ld" --specs=nosys.specs -Wl,-Map="003InlineAssembly.map" -Wl,--gc-sections -static --specs=nano.specs -mfpu=fpv4-sp-d16 -mfloat-abi=hard -mthumb -Wl,--start-group -lc -lm -Wl,--end-group
Finished building target: 003InlineAssembly.elf
 
arm-none-eabi-size   003InlineAssembly.elf 
arm-none-eabi-objdump -h -S  003InlineAssembly.elf  > "003InlineAssembly.list"
   text	   data	    bss	    dec	    hex	filename
    696	      8	   1568	   2272	    8e0	003InlineAssembly.elf
Finished building: default.size.stdout
 
Finished building: 003InlineAssembly.list
 
15:24:07 **** Incremental Build of configuration Debug for project 003InlineAssembly ****
make -j7 all 
arm-none-eabi-size   003InlineAssembly.elf 
   text	   data	    bss	    dec	    hex	filename
    696	      8	   1568	   2272	    8e0	003InlineAssembly.elf
Finished building: default.size.stdout
 
15:27:14 **** Incremental Build of configuration Debug for project 003InlineAssembly ****
make -j7 all 
arm-none-eabi-size   003InlineAssembly.elf 
   text	   data	    bss	    dec	    hex	filename
    696	      8	   1568	   2272	    8e0	003InlineAssembly.elf
Finished building: default.size.stdout
 
16:16:07 **** Incremental Build of configuration Debug for project 002OperationModes ****
make -j7 all 
arm-none-eabi-size   002OperationModes.elf 
   text	   data	    bss	    dec	    hex	filename
   3936	    108	   1588	   5632	   1600	002OperationModes.elf
Finished building: default.size.stdout
 
16:38:20 **** Incremental Build of configuration Debug for project 003InlineAssembly ****
make -j7 all 
arm-none-eabi-size   003InlineAssembly.elf 
   text	   data	    bss	    dec	    hex	filename
    696	      8	   1568	   2272	    8e0	003InlineAssembly.elf
Finished building: default.size.stdout
 
