17:22:03 **** Incremental Build of configuration Debug for project USART3_int_pend ****
make -j4 all 
arm-none-eabi-gcc "../Src/main.c" -mcpu=cortex-m4 -std=gnu11 -g3 -DDEBUG -DSTM32 -DSTM32F407G_DISC1 -DSTM32F4 -DSTM32F407VGTx -c -I../Inc -O0 -ffunction-sections -fdata-sections -Wall -fstack-usage -MMD -MP -MF"Src/main.d" -MT"Src/main.o" --specs=nano.specs -mfpu=fpv4-sp-d16 -mfloat-abi=hard -mthumb -o "Src/main.o"
../Src/main.c:23:4: warning: #warning "FPU is not initialized, but the project is compiling for an FPU. Please initialize the FPU before use." [-Wcpp]
   23 |   #warning "FPU is not initialized, but the project is compiling for an FPU. Please initialize the FPU before use."
      |    ^~~~~~~
arm-none-eabi-gcc -o "USART3_int_pend.elf" @"objects.list"   -mcpu=cortex-m4 -T"/home/harini/Desktop/Github-Local/STM32/armcortex-mx/USART3_int_pend/STM32F407VGTX_FLASH.ld" --specs=nosys.specs -Wl,-Map="USART3_int_pend.map" -Wl,--gc-sections -static --specs=nano.specs -mfpu=fpv4-sp-d16 -mfloat-abi=hard -mthumb -Wl,--start-group -lc -lm -Wl,--end-group
Finished building target: USART3_int_pend.elf
 
arm-none-eabi-size   USART3_int_pend.elf 
arm-none-eabi-objdump -h -S  USART3_int_pend.elf  > "USART3_int_pend.list"
   text	   data	    bss	    dec	    hex	filename
   3764	    108	   1588	   5460	   1554	USART3_int_pend.elf
Finished building: default.size.stdout
 
Finished building: USART3_int_pend.list
 

17:22:04 Build Finished. 0 errors, 1 warnings. (took 1s.208ms)

